2026-05-26 09:07:16 [main] INFO  com.electromart.BackendApplication - Starting BackendApplication using Java 21.0.4 with PID 9844 (D:\WEB DEVELOPEMENT\Project\electromart\backend\target\classes started by smohi in D:\WEB DEVELOPEMENT\Project\electromart)
2026-05-26 09:07:16 [main] DEBUG com.electromart.BackendApplication - Running with Spring Boot v3.5.13, Spring v6.2.17
2026-05-26 09:07:16 [main] INFO  com.electromart.BackendApplication - No active profile set, falling back to 1 default profile: "default"
2026-05-26 09:07:18 [main] INFO  o.s.d.r.c.RepositoryConfigurationDelegate - Bootstrapping Spring Data JPA repositories in DEFAULT mode.
2026-05-26 09:07:19 [main] INFO  o.s.d.r.c.RepositoryConfigurationDelegate - Finished Spring Data repository scanning in 161 ms. Found 9 JPA repository interfaces.
2026-05-26 09:07:20 [main] INFO  o.s.b.w.e.tomcat.TomcatWebServer - Tomcat initialized with port 8080 (http)
2026-05-26 09:07:20 [main] INFO  o.a.catalina.core.StandardService - Starting service [Tomcat]
2026-05-26 09:07:20 [main] INFO  o.a.catalina.core.StandardEngine - Starting Servlet engine: [Apache Tomcat/10.1.53]
2026-05-26 09:07:20 [main] INFO  o.a.c.c.C.[Tomcat].[localhost].[/] - Initializing Spring embedded WebApplicationContext
2026-05-26 09:07:20 [main] INFO  o.s.b.w.s.c.ServletWebServerApplicationContext - Root WebApplicationContext: initialization completed in 3889 ms
2026-05-26 09:07:20 [main] DEBUG com.zaxxer.hikari.HikariConfig - Class com.mysql.cj.jdbc.Driver found in Thread context class loader TomcatEmbeddedWebappClassLoader
  context: ROOT
  delegate: true
----------> Parent Classloader:
jdk.internal.loader.ClassLoaders$AppClassLoader@33909752

2026-05-26 09:07:21 [main] INFO  o.h.jpa.internal.util.LogHelper - HHH000204: Processing PersistenceUnitInfo [name: default]
2026-05-26 09:07:21 [main] INFO  org.hibernate.Version - HHH000412: Hibernate ORM core version 6.6.45.Final
2026-05-26 09:07:21 [main] INFO  o.h.c.i.RegionFactoryInitiator - HHH000026: Second-level cache disabled
2026-05-26 09:07:22 [main] INFO  o.s.o.j.p.SpringPersistenceUnitInfo - No LoadTimeWeaver setup: ignoring JPA class transformer
2026-05-26 09:07:22 [main] DEBUG com.zaxxer.hikari.HikariConfig - HikariPool-1 - configuration:
2026-05-26 09:07:22 [main] DEBUG com.zaxxer.hikari.HikariConfig - allowPoolSuspension.............false
2026-05-26 09:07:22 [main] DEBUG com.zaxxer.hikari.HikariConfig - autoCommit......................true
2026-05-26 09:07:22 [main] DEBUG com.zaxxer.hikari.HikariConfig - catalog.........................none
2026-05-26 09:07:22 [main] DEBUG com.zaxxer.hikari.HikariConfig - connectionInitSql...............none
2026-05-26 09:07:22 [main] DEBUG com.zaxxer.hikari.HikariConfig - connectionTestQuery.............none
2026-05-26 09:07:22 [main] DEBUG com.zaxxer.hikari.HikariConfig - connectionTimeout...............30000
2026-05-26 09:07:22 [main] DEBUG com.zaxxer.hikari.HikariConfig - credentials.....................com.zaxxer.hikari.util.Credentials@6f52a229
2026-05-26 09:07:22 [main] DEBUG com.zaxxer.hikari.HikariConfig - dataSource......................none
2026-05-26 09:07:22 [main] DEBUG com.zaxxer.hikari.HikariConfig - dataSourceClassName.............none
2026-05-26 09:07:22 [main] DEBUG com.zaxxer.hikari.HikariConfig - dataSourceJNDI..................none
2026-05-26 09:07:22 [main] DEBUG com.zaxxer.hikari.HikariConfig - dataSourceProperties............{password=<masked>}
2026-05-26 09:07:22 [main] DEBUG com.zaxxer.hikari.HikariConfig - driverClassName................."com.mysql.cj.jdbc.Driver"
2026-05-26 09:07:22 [main] DEBUG com.zaxxer.hikari.HikariConfig - exceptionOverride...............none
2026-05-26 09:07:22 [main] DEBUG com.zaxxer.hikari.HikariConfig - exceptionOverrideClassName......none
2026-05-26 09:07:22 [main] DEBUG com.zaxxer.hikari.HikariConfig - healthCheckProperties...........{}
2026-05-26 09:07:22 [main] DEBUG com.zaxxer.hikari.HikariConfig - healthCheckRegistry.............none
2026-05-26 09:07:22 [main] DEBUG com.zaxxer.hikari.HikariConfig - idleTimeout.....................600000
2026-05-26 09:07:22 [main] DEBUG com.zaxxer.hikari.HikariConfig - initializationFailTimeout.......1
2026-05-26 09:07:22 [main] DEBUG com.zaxxer.hikari.HikariConfig - isolateInternalQueries..........false
2026-05-26 09:07:22 [main] DEBUG com.zaxxer.hikari.HikariConfig - jdbcUrl.........................jdbc:mysql://localhost:3306/electromart_db?allowPublicKeyRetrieval=true&useSSL=false&serverTimezone=UTC
2026-05-26 09:07:22 [main] DEBUG com.zaxxer.hikari.HikariConfig - keepaliveTime...................120000
2026-05-26 09:07:22 [main] DEBUG com.zaxxer.hikari.HikariConfig - leakDetectionThreshold..........0
2026-05-26 09:07:22 [main] DEBUG com.zaxxer.hikari.HikariConfig - maxLifetime.....................1800000
2026-05-26 09:07:22 [main] DEBUG com.zaxxer.hikari.HikariConfig - maximumPoolSize.................10
2026-05-26 09:07:22 [main] DEBUG com.zaxxer.hikari.HikariConfig - metricRegistry..................none
2026-05-26 09:07:22 [main] DEBUG com.zaxxer.hikari.HikariConfig - metricsTrackerFactory...........none
2026-05-26 09:07:22 [main] DEBUG com.zaxxer.hikari.HikariConfig - minimumIdle.....................5
2026-05-26 09:07:22 [main] DEBUG com.zaxxer.hikari.HikariConfig - password........................<masked>
2026-05-26 09:07:22 [main] DEBUG com.zaxxer.hikari.HikariConfig - poolName........................"HikariPool-1"
2026-05-26 09:07:22 [main] DEBUG com.zaxxer.hikari.HikariConfig - readOnly........................false
2026-05-26 09:07:22 [main] DEBUG com.zaxxer.hikari.HikariConfig - registerMbeans..................false
2026-05-26 09:07:22 [main] DEBUG com.zaxxer.hikari.HikariConfig - scheduledExecutor...............none
2026-05-26 09:07:22 [main] DEBUG com.zaxxer.hikari.HikariConfig - schema..........................none
2026-05-26 09:07:22 [main] DEBUG com.zaxxer.hikari.HikariConfig - threadFactory...................internal
2026-05-26 09:07:22 [main] DEBUG com.zaxxer.hikari.HikariConfig - transactionIsolation............default
2026-05-26 09:07:22 [main] DEBUG com.zaxxer.hikari.HikariConfig - username........................"root"
2026-05-26 09:07:22 [main] DEBUG com.zaxxer.hikari.HikariConfig - validationTimeout...............5000
2026-05-26 09:07:22 [main] INFO  com.zaxxer.hikari.HikariDataSource - HikariPool-1 - Starting...
2026-05-26 09:07:22 [main] DEBUG com.zaxxer.hikari.pool.PoolBase - HikariPool-1 - Attempting to create/setup new connection (235a8ca0-9326-423e-b0ac-78d538c2e7a4)
2026-05-26 09:07:22 [main] DEBUG com.zaxxer.hikari.pool.PoolBase - HikariPool-1 - Established new connection (235a8ca0-9326-423e-b0ac-78d538c2e7a4)
2026-05-26 09:07:22 [main] INFO  com.zaxxer.hikari.pool.HikariPool - HikariPool-1 - Added connection com.mysql.cj.jdbc.ConnectionImpl@3c6fb501
2026-05-26 09:07:22 [main] INFO  com.zaxxer.hikari.HikariDataSource - HikariPool-1 - Start completed.
2026-05-26 09:07:22 [main] WARN  org.hibernate.orm.deprecation - HHH90000025: MySQL8Dialect does not need to be specified explicitly using 'hibernate.dialect' (remove the property setting and it will be selected by default)
2026-05-26 09:07:22 [main] WARN  org.hibernate.orm.deprecation - HHH90000026: MySQL8Dialect has been deprecated; use org.hibernate.dialect.MySQLDialect instead
2026-05-26 09:07:22 [HikariPool-1:housekeeper] DEBUG com.zaxxer.hikari.pool.HikariPool - HikariPool-1 - Before cleanup stats (total=1/10, idle=0/5, active=1, waiting=0)
2026-05-26 09:07:22 [HikariPool-1:housekeeper] DEBUG com.zaxxer.hikari.pool.HikariPool - HikariPool-1 - After  cleanup stats (total=1/10, idle=0/5, active=1, waiting=0)
2026-05-26 09:07:22 [HikariPool-1:connection-adder] DEBUG com.zaxxer.hikari.pool.PoolBase - HikariPool-1 - Attempting to create/setup new connection (86fe0fb5-b0c7-4ebc-b546-004bf588b92f)
2026-05-26 09:07:22 [HikariPool-1:connection-adder] DEBUG com.zaxxer.hikari.pool.PoolBase - HikariPool-1 - Established new connection (86fe0fb5-b0c7-4ebc-b546-004bf588b92f)
2026-05-26 09:07:22 [HikariPool-1:connection-adder] DEBUG com.zaxxer.hikari.pool.HikariPool - HikariPool-1 - Added connection com.mysql.cj.jdbc.ConnectionImpl@45294ea3
2026-05-26 09:07:22 [main] INFO  o.hibernate.orm.connections.pooling - HHH10001005: Database info:
	Database JDBC URL [Connecting through datasource 'HikariDataSource (HikariPool-1)']
	Database driver: undefined/unknown
	Database version: 8.0
	Autocommit mode: undefined/unknown
	Isolation level: undefined/unknown
	Minimum pool size: undefined/unknown
	Maximum pool size: undefined/unknown
2026-05-26 09:07:22 [HikariPool-1:connection-adder] DEBUG com.zaxxer.hikari.pool.HikariPool - HikariPool-1 - After adding stats (total=2/10, idle=2/5, active=0, waiting=0)
2026-05-26 09:07:22 [HikariPool-1:connection-adder] DEBUG com.zaxxer.hikari.pool.PoolBase - HikariPool-1 - Attempting to create/setup new connection (1606cfd9-9653-4f94-a7d8-f1a828c29aff)
2026-05-26 09:07:22 [HikariPool-1:connection-adder] DEBUG com.zaxxer.hikari.pool.PoolBase - HikariPool-1 - Established new connection (1606cfd9-9653-4f94-a7d8-f1a828c29aff)
2026-05-26 09:07:22 [HikariPool-1:connection-adder] DEBUG com.zaxxer.hikari.pool.HikariPool - HikariPool-1 - Added connection com.mysql.cj.jdbc.ConnectionImpl@3a093e6d
2026-05-26 09:07:22 [HikariPool-1:connection-adder] DEBUG com.zaxxer.hikari.pool.HikariPool - HikariPool-1 - After adding stats (total=3/10, idle=3/5, active=0, waiting=0)
2026-05-26 09:07:22 [HikariPool-1:connection-adder] DEBUG com.zaxxer.hikari.pool.PoolBase - HikariPool-1 - Attempting to create/setup new connection (5de59beb-a462-4a55-8f41-182b2cf717e4)
2026-05-26 09:07:22 [HikariPool-1:connection-adder] DEBUG com.zaxxer.hikari.pool.PoolBase - HikariPool-1 - Established new connection (5de59beb-a462-4a55-8f41-182b2cf717e4)
2026-05-26 09:07:22 [HikariPool-1:connection-adder] DEBUG com.zaxxer.hikari.pool.HikariPool - HikariPool-1 - Added connection com.mysql.cj.jdbc.ConnectionImpl@42ad079e
2026-05-26 09:07:22 [HikariPool-1:connection-adder] DEBUG com.zaxxer.hikari.pool.HikariPool - HikariPool-1 - After adding stats (total=4/10, idle=4/5, active=0, waiting=0)
2026-05-26 09:07:22 [HikariPool-1:connection-adder] DEBUG com.zaxxer.hikari.pool.PoolBase - HikariPool-1 - Attempting to create/setup new connection (c983f5c2-a852-4308-8903-609eefbd4a00)
2026-05-26 09:07:22 [HikariPool-1:connection-adder] DEBUG com.zaxxer.hikari.pool.PoolBase - HikariPool-1 - Established new connection (c983f5c2-a852-4308-8903-609eefbd4a00)
2026-05-26 09:07:22 [HikariPool-1:connection-adder] DEBUG com.zaxxer.hikari.pool.HikariPool - HikariPool-1 - Added connection com.mysql.cj.jdbc.ConnectionImpl@17320b6b
2026-05-26 09:07:22 [HikariPool-1:connection-adder] DEBUG com.zaxxer.hikari.pool.HikariPool - HikariPool-1 - After adding stats (total=5/10, idle=5/5, active=0, waiting=0)
2026-05-26 09:07:22 [HikariPool-1:connection-adder] DEBUG com.zaxxer.hikari.pool.HikariPool - HikariPool-1 - Connection not added, stats (total=5/10, idle=5/5, active=0, waiting=0)
2026-05-26 09:07:24 [main] INFO  o.h.e.t.j.p.i.JtaPlatformInitiator - HHH000489: No JTA platform available (set 'hibernate.transaction.jta.platform' to enable JTA platform integration)
2026-05-26 09:07:24 [main] INFO  o.s.o.j.LocalContainerEntityManagerFactoryBean - Initialized JPA EntityManagerFactory for persistence unit 'default'
2026-05-26 09:07:25 [main] INFO  o.s.d.j.r.query.QueryEnhancerFactory - Hibernate is in classpath; If applicable, HQL parser will be used.
2026-05-26 09:07:26 [main] DEBUG c.electromart.security.JwtAuthFilter - Filter 'jwtAuthFilter' configured for use
2026-05-26 09:07:26 [main] INFO  c.e.auth.service.EmailServiceImpl - Email service configured with JavaMailSender
2026-05-26 09:07:28 [main] DEBUG o.s.w.s.m.m.a.RequestMappingHandlerMapping - 87 mappings in 'requestMappingHandlerMapping'
2026-05-26 09:07:28 [main] DEBUG o.s.w.s.h.SimpleUrlHandlerMapping - Patterns [/webjars/**, /**, /images/**, /uploads/**, /swagger-ui*/*swagger-initializer.js, /swagger-ui*/**] in 'resourceHandlerMapping'
2026-05-26 09:07:28 [main] INFO  o.s.s.c.a.a.c.InitializeUserDetailsBeanManagerConfigurer$InitializeUserDetailsManagerConfigurer - Global AuthenticationManager configured with UserDetailsService bean with name customUserDetailsService
2026-05-26 09:07:28 [main] DEBUG o.s.s.web.DefaultSecurityFilterChain - Will secure any request with filters: DisableEncodeUrlFilter, WebAsyncManagerIntegrationFilter, SecurityContextHolderFilter, HeaderWriterFilter, CorsFilter, LogoutFilter, JwtAuthFilter, RequestCacheAwareFilter, SecurityContextHolderAwareRequestFilter, AnonymousAuthenticationFilter, SessionManagementFilter, ExceptionTranslationFilter, AuthorizationFilter
2026-05-26 09:07:28 [main] DEBUG o.s.w.s.m.m.a.RequestMappingHandlerAdapter - ControllerAdvice beans: 0 @ModelAttribute, 0 @InitBinder, 1 RequestBodyAdvice, 1 ResponseBodyAdvice
2026-05-26 09:07:28 [main] DEBUG o.s.w.s.m.m.a.ExceptionHandlerExceptionResolver - ControllerAdvice beans: 2 @ExceptionHandler, 1 ResponseBodyAdvice
2026-05-26 09:07:29 [main] INFO  o.s.b.w.e.tomcat.TomcatWebServer - Tomcat started on port 8080 (http) with context path '/'
2026-05-26 09:07:29 [main] INFO  com.electromart.BackendApplication - Started BackendApplication in 13.251 seconds (process running for 14.169)
2026-05-26 09:07:52 [HikariPool-1:housekeeper] DEBUG com.zaxxer.hikari.pool.HikariPool - HikariPool-1 - Before cleanup stats (total=5/10, idle=5/5, active=0, waiting=0)
2026-05-26 09:07:52 [HikariPool-1:housekeeper] DEBUG com.zaxxer.hikari.pool.HikariPool - HikariPool-1 - After  cleanup stats (total=5/10, idle=5/5, active=0, waiting=0)
2026-05-26 09:07:52 [HikariPool-1:housekeeper] DEBUG com.zaxxer.hikari.pool.HikariPool - HikariPool-1 - Fill pool skipped, pool has sufficient level or currently being filled.
2026-05-26 09:08:22 [HikariPool-1:housekeeper] DEBUG com.zaxxer.hikari.pool.HikariPool - HikariPool-1 - Before cleanup stats (total=5/10, idle=5/5, active=0, waiting=0)
2026-05-26 09:08:22 [HikariPool-1:housekeeper] DEBUG com.zaxxer.hikari.pool.HikariPool - HikariPool-1 - After  cleanup stats (total=5/10, idle=5/5, active=0, waiting=0)
2026-05-26 09:08:22 [HikariPool-1:housekeeper] DEBUG com.zaxxer.hikari.pool.HikariPool - HikariPool-1 - Fill pool skipped, pool has sufficient level or currently being filled.
2026-05-26 09:08:52 [HikariPool-1:housekeeper] DEBUG com.zaxxer.hikari.pool.HikariPool - HikariPool-1 - Before cleanup stats (total=5/10, idle=5/5, active=0, waiting=0)
2026-05-26 09:08:52 [HikariPool-1:housekeeper] DEBUG com.zaxxer.hikari.pool.HikariPool - HikariPool-1 - After  cleanup stats (total=5/10, idle=5/5, active=0, waiting=0)
2026-05-26 09:08:52 [HikariPool-1:housekeeper] DEBUG com.zaxxer.hikari.pool.HikariPool - HikariPool-1 - Fill pool skipped, pool has sufficient level or currently being filled.
2026-05-26 09:08:59 [HikariPool-1:housekeeper] DEBUG com.zaxxer.hikari.pool.HikariPool - HikariPool-1 - keepalive: connection com.mysql.cj.jdbc.ConnectionImpl@3a093e6d is alive
2026-05-26 09:09:18 [HikariPool-1:housekeeper] DEBUG com.zaxxer.hikari.pool.HikariPool - HikariPool-1 - keepalive: connection com.mysql.cj.jdbc.ConnectionImpl@45294ea3 is alive
2026-05-26 09:09:18 [HikariPool-1:housekeeper] DEBUG com.zaxxer.hikari.pool.HikariPool - HikariPool-1 - keepalive: connection com.mysql.cj.jdbc.ConnectionImpl@3c6fb501 is alive
2026-05-26 09:09:22 [HikariPool-1:housekeeper] DEBUG com.zaxxer.hikari.pool.HikariPool - HikariPool-1 - keepalive: connection com.mysql.cj.jdbc.ConnectionImpl@42ad079e is alive
2026-05-26 09:09:22 [HikariPool-1:housekeeper] DEBUG com.zaxxer.hikari.pool.HikariPool - HikariPool-1 - keepalive: connection com.mysql.cj.jdbc.ConnectionImpl@17320b6b is alive
2026-05-26 09:09:22 [HikariPool-1:housekeeper] DEBUG com.zaxxer.hikari.pool.HikariPool - HikariPool-1 - Before cleanup stats (total=5/10, idle=5/5, active=0, waiting=0)
2026-05-26 09:09:22 [HikariPool-1:housekeeper] DEBUG com.zaxxer.hikari.pool.HikariPool - HikariPool-1 - After  cleanup stats (total=5/10, idle=5/5, active=0, waiting=0)
2026-05-26 09:09:22 [HikariPool-1:housekeeper] DEBUG com.zaxxer.hikari.pool.HikariPool - HikariPool-1 - Fill pool skipped, pool has sufficient level or currently being filled.
2026-05-26 09:09:52 [HikariPool-1:housekeeper] DEBUG com.zaxxer.hikari.pool.HikariPool - HikariPool-1 - Before cleanup stats (total=5/10, idle=5/5, active=0, waiting=0)
2026-05-26 09:09:52 [HikariPool-1:housekeeper] DEBUG com.zaxxer.hikari.pool.HikariPool - HikariPool-1 - After  cleanup stats (total=5/10, idle=5/5, active=0, waiting=0)
2026-05-26 09:09:52 [HikariPool-1:housekeeper] DEBUG com.zaxxer.hikari.pool.HikariPool - HikariPool-1 - Fill pool skipped, pool has sufficient level or currently being filled.
2026-05-26 09:10:18 [http-nio-8080-exec-1] INFO  o.a.c.c.C.[Tomcat].[localhost].[/] - Initializing Spring DispatcherServlet 'dispatcherServlet'
2026-05-26 09:10:18 [http-nio-8080-exec-1] INFO  o.s.web.servlet.DispatcherServlet - Initializing Servlet 'dispatcherServlet'
2026-05-26 09:10:18 [http-nio-8080-exec-1] DEBUG o.s.web.servlet.DispatcherServlet - Detected StandardServletMultipartResolver
2026-05-26 09:10:18 [http-nio-8080-exec-1] DEBUG o.s.web.servlet.DispatcherServlet - Detected AcceptHeaderLocaleResolver
2026-05-26 09:10:18 [http-nio-8080-exec-1] DEBUG o.s.web.servlet.DispatcherServlet - Detected FixedThemeResolver
2026-05-26 09:10:18 [http-nio-8080-exec-1] DEBUG o.s.web.servlet.DispatcherServlet - Detected org.springframework.web.servlet.view.DefaultRequestToViewNameTranslator@406b6988
2026-05-26 09:10:18 [http-nio-8080-exec-1] DEBUG o.s.web.servlet.DispatcherServlet - Detected org.springframework.web.servlet.support.SessionFlashMapManager@610f8dd8
2026-05-26 09:10:18 [http-nio-8080-exec-1] DEBUG o.s.web.servlet.DispatcherServlet - enableLoggingRequestDetails='false': request parameters and headers will be masked to prevent unsafe logging of potentially sensitive data
2026-05-26 09:10:18 [http-nio-8080-exec-1] INFO  o.s.web.servlet.DispatcherServlet - Completed initialization in 34 ms
2026-05-26 09:10:18 [http-nio-8080-exec-1] DEBUG o.s.security.web.FilterChainProxy - Securing OPTIONS /api/auth/login
2026-05-26 09:10:19 [http-nio-8080-exec-2] DEBUG o.s.security.web.FilterChainProxy - Securing POST /api/auth/login
2026-05-26 09:10:19 [http-nio-8080-exec-2] DEBUG o.s.s.w.a.AnonymousAuthenticationFilter - Set SecurityContextHolder to anonymous SecurityContext
2026-05-26 09:10:19 [http-nio-8080-exec-2] DEBUG o.s.security.web.FilterChainProxy - Secured POST /api/auth/login
2026-05-26 09:10:19 [http-nio-8080-exec-2] DEBUG o.s.web.servlet.DispatcherServlet - POST "/api/auth/login", parameters={}
2026-05-26 09:10:19 [http-nio-8080-exec-2] DEBUG o.s.w.s.m.m.a.RequestMappingHandlerMapping - Mapped to com.electromart.auth.controller.AuthController#login(LoginRequest)
2026-05-26 09:10:19 [http-nio-8080-exec-2] DEBUG o.s.w.s.m.m.a.RequestResponseBodyMethodProcessor - Read "application/json;charset=UTF-8" to [LoginRequest(email=smohitg26@gmail.com, password=Lucky@123)]
2026-05-26 09:10:20 [http-nio-8080-exec-2] DEBUG org.hibernate.SQL - 
    /* <criteria> */ select
        u1_0.id,
        u1_0.createdAt,
        u1_0.deleted,
        u1_0.deleted_at,
        u1_0.deleted_by,
        u1_0.disabled_at,
        u1_0.disabled_by,
        u1_0.email,
        u1_0.verification_token_expiry,
        u1_0.emailVerificationToken,
        u1_0.enabled,
        u1_0.last_login_at,
        u1_0.last_status_change_at,
        u1_0.last_status_change_by,
        u1_0.login_count,
        u1_0.name,
        u1_0.password,
        u1_0.passwordResetToken,
        u1_0.reset_token_expiry,
        u1_0.phone,
        u1_0.reactivated_at,
        u1_0.reactivated_by,
        u1_0.reactivationToken,
        u1_0.reactivation_token_expiry,
        u1_0.role,
        u1_0.status_change_reason,
        u1_0.updatedAt 
    from
        users u1_0 
    where
        u1_0.email=?
2026-05-26 09:10:21 [http-nio-8080-exec-2] DEBUG o.s.w.s.m.m.a.HttpEntityMethodProcessor - Using 'application/json', given [application/json, text/plain, */*] and supported [application/json, application/*+json, application/yaml]
2026-05-26 09:10:21 [http-nio-8080-exec-2] DEBUG o.s.w.s.m.m.a.HttpEntityMethodProcessor - Writing [AuthResponse(token=eyJhbGciOiJIUzI1NiJ9.eyJzdWIiOiJzbW9oaXRnMjZAZ21haWwuY29tIiwiaWF0IjoxNzc5NzY2ODIw (truncated)...]
2026-05-26 09:10:21 [http-nio-8080-exec-2] DEBUG o.s.web.servlet.DispatcherServlet - Completed 200 OK
2026-05-26 09:10:21 [http-nio-8080-exec-3] DEBUG o.s.security.web.FilterChainProxy - Securing GET /api/banners/active
2026-05-26 09:10:21 [http-nio-8080-exec-7] DEBUG o.s.security.web.FilterChainProxy - Securing OPTIONS /api/users/profile
2026-05-26 09:10:21 [http-nio-8080-exec-8] DEBUG o.s.security.web.FilterChainProxy - Securing OPTIONS /api/products/featured
2026-05-26 09:10:21 [http-nio-8080-exec-3] DEBUG o.s.s.w.a.AnonymousAuthenticationFilter - Set SecurityContextHolder to anonymous SecurityContext
2026-05-26 09:10:21 [http-nio-8080-exec-9] DEBUG o.s.security.web.FilterChainProxy - Securing GET /api/users/profile
2026-05-26 09:10:21 [http-nio-8080-exec-4] DEBUG o.s.security.web.FilterChainProxy - Securing GET /api/products/featured
2026-05-26 09:10:21 [http-nio-8080-exec-3] DEBUG o.s.security.web.FilterChainProxy - Secured GET /api/banners/active
2026-05-26 09:10:21 [http-nio-8080-exec-3] DEBUG o.s.web.servlet.DispatcherServlet - GET "/api/banners/active", parameters={}
2026-05-26 09:10:21 [http-nio-8080-exec-3] DEBUG o.s.w.s.m.m.a.RequestMappingHandlerMapping - Mapped to com.electromart.content.controller.BannerController#getActiveBanners()
2026-05-26 09:10:21 [HikariPool-1:connection-adder] DEBUG com.zaxxer.hikari.pool.PoolBase - HikariPool-1 - Attempting to create/setup new connection (342756f3-da46-4a1f-b969-f7dca5dee984)
2026-05-26 09:10:21 [http-nio-8080-exec-4] DEBUG c.e.s.CustomUserDetailsService - Loading user by email: smohitg26@gmail.com
2026-05-26 09:10:21 [http-nio-8080-exec-9] DEBUG c.e.s.CustomUserDetailsService - Loading user by email: smohitg26@gmail.com
2026-05-26 09:10:21 [HikariPool-1:connection-adder] DEBUG com.zaxxer.hikari.pool.PoolBase - HikariPool-1 - Established new connection (342756f3-da46-4a1f-b969-f7dca5dee984)
2026-05-26 09:10:21 [HikariPool-1:connection-adder] DEBUG com.zaxxer.hikari.pool.HikariPool - HikariPool-1 - Added connection com.mysql.cj.jdbc.ConnectionImpl@1c3b4b7c
2026-05-26 09:10:21 [http-nio-8080-exec-3] DEBUG org.hibernate.SQL - 
    /* <criteria> */ select
        b1_0.id,
        b1_0.active,
        b1_0.badgeText,
        b1_0.brand,
        b1_0.categoryId,
        b1_0.createdAt,
        b1_0.description,
        b1_0.discountText,
        b1_0.displayOrder,
        b1_0.featured,
        b1_0.gender,
        b1_0.imageUrl,
        b1_0.maxPrice,
        b1_0.minPrice,
        b1_0.pattern,
        b1_0.productType,
        b1_0.sleeveType,
        b1_0.sortBy,
        b1_0.subtitle,
        b1_0.title 
    from
        banners b1_0 
    where
        b1_0.active 
    order by
        b1_0.displayOrder
2026-05-26 09:10:21 [http-nio-8080-exec-9] DEBUG org.hibernate.SQL - 
    /* <criteria> */ select
        u1_0.id,
        u1_0.createdAt,
        u1_0.deleted,
        u1_0.deleted_at,
        u1_0.deleted_by,
        u1_0.disabled_at,
        u1_0.disabled_by,
        u1_0.email,
        u1_0.verification_token_expiry,
        u1_0.emailVerificationToken,
        u1_0.enabled,
        u1_0.last_login_at,
        u1_0.last_status_change_at,
        u1_0.last_status_change_by,
        u1_0.login_count,
        u1_0.name,
        u1_0.password,
        u1_0.passwordResetToken,
        u1_0.reset_token_expiry,
        u1_0.phone,
        u1_0.reactivated_at,
        u1_0.reactivated_by,
        u1_0.reactivationToken,
        u1_0.reactivation_token_expiry,
        u1_0.role,
        u1_0.status_change_reason,
        u1_0.updatedAt 
    from
        users u1_0 
    where
        u1_0.email=? 
        and not(u1_0.deleted)
2026-05-26 09:10:21 [http-nio-8080-exec-4] DEBUG org.hibernate.SQL - 
    /* <criteria> */ select
        u1_0.id,
        u1_0.createdAt,
        u1_0.deleted,
        u1_0.deleted_at,
        u1_0.deleted_by,
        u1_0.disabled_at,
        u1_0.disabled_by,
        u1_0.email,
        u1_0.verification_token_expiry,
        u1_0.emailVerificationToken,
        u1_0.enabled,
        u1_0.last_login_at,
        u1_0.last_status_change_at,
        u1_0.last_status_change_by,
        u1_0.login_count,
        u1_0.name,
        u1_0.password,
        u1_0.passwordResetToken,
        u1_0.reset_token_expiry,
        u1_0.phone,
        u1_0.reactivated_at,
        u1_0.reactivated_by,
        u1_0.reactivationToken,
        u1_0.reactivation_token_expiry,
        u1_0.role,
        u1_0.status_change_reason,
        u1_0.updatedAt 
    from
        users u1_0 
    where
        u1_0.email=? 
        and not(u1_0.deleted)
2026-05-26 09:10:21 [HikariPool-1:connection-adder] DEBUG com.zaxxer.hikari.pool.PoolBase - HikariPool-1 - Attempting to create/setup new connection (f15438c6-5a20-48af-9162-29f859daffbb)
2026-05-26 09:10:21 [http-nio-8080-exec-9] DEBUG c.e.s.CustomUserDetailsService - User loaded successfully: smohitg26@gmail.com
2026-05-26 09:10:21 [http-nio-8080-exec-4] DEBUG c.e.s.CustomUserDetailsService - User loaded successfully: smohitg26@gmail.com
2026-05-26 09:10:21 [HikariPool-1:connection-adder] DEBUG com.zaxxer.hikari.pool.PoolBase - HikariPool-1 - Established new connection (f15438c6-5a20-48af-9162-29f859daffbb)
2026-05-26 09:10:21 [HikariPool-1:connection-adder] DEBUG com.zaxxer.hikari.pool.HikariPool - HikariPool-1 - Added connection com.mysql.cj.jdbc.ConnectionImpl@5d064147
2026-05-26 09:10:22 [http-nio-8080-exec-4] DEBUG c.electromart.security.JwtAuthFilter - ✅ Authenticated user: smohitg26@gmail.com
2026-05-26 09:10:22 [http-nio-8080-exec-9] DEBUG c.electromart.security.JwtAuthFilter - ✅ Authenticated user: smohitg26@gmail.com
2026-05-26 09:10:22 [http-nio-8080-exec-4] DEBUG o.s.security.web.FilterChainProxy - Secured GET /api/products/featured
2026-05-26 09:10:22 [http-nio-8080-exec-4] DEBUG o.s.web.servlet.DispatcherServlet - GET "/api/products/featured", parameters={}
2026-05-26 09:10:22 [http-nio-8080-exec-4] DEBUG o.s.w.s.m.m.a.RequestMappingHandlerMapping - Mapped to com.electromart.product.controller.ProductController#getFeatured()
2026-05-26 09:10:22 [http-nio-8080-exec-3] DEBUG o.s.w.s.m.m.a.HttpEntityMethodProcessor - Using 'application/json', given [application/json, text/plain, */*] and supported [application/json, application/*+json, application/yaml]
2026-05-26 09:10:22 [http-nio-8080-exec-9] DEBUG o.s.security.web.FilterChainProxy - Secured GET /api/users/profile
2026-05-26 09:10:22 [http-nio-8080-exec-4] INFO  c.e.product.service.ProductService - Fetching featured products
2026-05-26 09:10:22 [http-nio-8080-exec-9] DEBUG o.s.web.servlet.DispatcherServlet - GET "/api/users/profile", parameters={}
2026-05-26 09:10:22 [http-nio-8080-exec-9] DEBUG o.s.w.s.m.m.a.RequestMappingHandlerMapping - Mapped to com.electromart.user.controller.UserProfileController#getCurrentUserProfile()
2026-05-26 09:10:22 [http-nio-8080-exec-9] DEBUG o.s.s.a.m.AuthorizationManagerBeforeMethodInterceptor - Authorizing method invocation ReflectiveMethodInvocation: public org.springframework.http.ResponseEntity com.electromart.user.controller.UserProfileController.getCurrentUserProfile(); target is of class [com.electromart.user.controller.UserProfileController]
2026-05-26 09:10:22 [http-nio-8080-exec-4] DEBUG org.hibernate.SQL - 
    /* <criteria> */ select
        p1_0.id,
        p1_0.active,
        p1_0.brand_id,
        p1_0.category_id,
        p1_0.createdAt,
        p1_0.description,
        p1_0.discount_percentage,
        p1_0.featured,
        p1_0.name,
        p1_0.offer_active,
        p1_0.offer_end_date,
        p1_0.offer_text,
        p1_0.original_price,
        p1_0.price,
        p1_0.purchase_count,
        p1_0.rating,
        p1_0.sku,
        p1_0.stock,
        p1_0.updatedAt,
        p1_0.view_count 
    from
        products p1_0 
    where
        p1_0.featured 
        and p1_0.active
2026-05-26 09:10:22 [http-nio-8080-exec-3] DEBUG o.s.w.s.m.m.a.HttpEntityMethodProcessor - Writing [[BannerResponseDto(id=1, imageUrl=/images/banners/fashion/women/Kurtas-kurtis/kurtas.png, title=Best (truncated)...]
2026-05-26 09:10:22 [http-nio-8080-exec-9] DEBUG o.s.s.a.m.AuthorizationManagerBeforeMethodInterceptor - Authorized method invocation ReflectiveMethodInvocation: public org.springframework.http.ResponseEntity com.electromart.user.controller.UserProfileController.getCurrentUserProfile(); target is of class [com.electromart.user.controller.UserProfileController]
2026-05-26 09:10:22 [http-nio-8080-exec-9] DEBUG org.hibernate.SQL - 
    /* <criteria> */ select
        u1_0.id,
        u1_0.createdAt,
        u1_0.deleted,
        u1_0.deleted_at,
        u1_0.deleted_by,
        u1_0.disabled_at,
        u1_0.disabled_by,
        u1_0.email,
        u1_0.verification_token_expiry,
        u1_0.emailVerificationToken,
        u1_0.enabled,
        u1_0.last_login_at,
        u1_0.last_status_change_at,
        u1_0.last_status_change_by,
        u1_0.login_count,
        u1_0.name,
        u1_0.password,
        u1_0.passwordResetToken,
        u1_0.reset_token_expiry,
        u1_0.phone,
        u1_0.reactivated_at,
        u1_0.reactivated_by,
        u1_0.reactivationToken,
        u1_0.reactivation_token_expiry,
        u1_0.role,
        u1_0.status_change_reason,
        u1_0.updatedAt 
    from
        users u1_0 
    where
        u1_0.email=? 
        and not(u1_0.deleted)
2026-05-26 09:10:22 [http-nio-8080-exec-3] DEBUG o.s.web.servlet.DispatcherServlet - Completed 200 OK
2026-05-26 09:10:22 [http-nio-8080-exec-5] DEBUG o.s.security.web.FilterChainProxy - Securing GET /api/homepage/cards
2026-05-26 09:10:22 [http-nio-8080-exec-5] DEBUG o.s.s.w.a.AnonymousAuthenticationFilter - Set SecurityContextHolder to anonymous SecurityContext
2026-05-26 09:10:22 [http-nio-8080-exec-5] DEBUG o.s.security.web.FilterChainProxy - Secured GET /api/homepage/cards
2026-05-26 09:10:22 [http-nio-8080-exec-5] DEBUG o.s.web.servlet.DispatcherServlet - GET "/api/homepage/cards", parameters={}
2026-05-26 09:10:22 [http-nio-8080-exec-9] DEBUG org.hibernate.SQL - 
    /* <criteria> */ select
        a1_0.id,
        a1_0.address_type,
        a1_0.city,
        a1_0.country,
        a1_0.createdAt,
        a1_0.deleted,
        a1_0.full_name,
        a1_0.is_default,
        a1_0.landmark,
        a1_0.phone,
        a1_0.state,
        a1_0.street,
        a1_0.updatedAt,
        a1_0.user_id,
        a1_0.zip_code 
    from
        addresses a1_0 
    where
        a1_0.user_id=? 
        and a1_0.is_default 
        and not(a1_0.deleted)
2026-05-26 09:10:22 [http-nio-8080-exec-5] DEBUG o.s.w.s.m.m.a.RequestMappingHandlerMapping - Mapped to com.electromart.product.controller.HomepageController#getHomepageCards()
2026-05-26 09:10:22 [http-nio-8080-exec-4] INFO  c.e.product.service.ProductService - Found 15 featured products
2026-05-26 09:10:22 [http-nio-8080-exec-5] INFO  c.e.p.controller.HomepageController - Fetching homepage cards for user: null
2026-05-26 09:10:22 [http-nio-8080-exec-4] DEBUG c.e.product.service.ProductService - Mapping product to DTO: 1
2026-05-26 09:10:22 [http-nio-8080-exec-5] DEBUG org.hibernate.SQL - 
    /* <criteria> */ select
        c1_0.id,
        c1_0.active,
        c1_0.card_type,
        c1_0.createdAt,
        c1_0.description,
        c1_0.featured_image_url,
        c1_0.homepage_card_title,
        c1_0.homepage_display_order,
        c1_0.homepage_max_price,
        c1_0.homepage_min_price,
        c1_0.homepage_product_limit,
        c1_0.homepage_redirect_url,
        c1_0.icon,
        c1_0.imageUrl,
        c1_0.name,
        c1_0.parent_id,
        c1_0.show_on_homepage,
        c1_0.updatedAt 
    from
        categories c1_0 
    where
        c1_0.show_on_homepage 
        and c1_0.active 
    order by
        c1_0.homepage_display_order
2026-05-26 09:10:22 [http-nio-8080-exec-4] DEBUG org.hibernate.SQL - 
    /* <criteria> */ select
        pi1_0.id,
        pi1_0.active,
        pi1_0.altText,
        pi1_0.createdAt,
        pi1_0.displayOrder,
        pi1_0.imageUrl,
        pi1_0.primaryImage,
        pi1_0.product_id 
    from
        product_images pi1_0 
    left join
        products p1_0 
            on p1_0.id=pi1_0.product_id 
    where
        p1_0.id=? 
        and pi1_0.active
2026-05-26 09:10:22 [http-nio-8080-exec-9] DEBUG o.s.w.s.m.m.a.HttpEntityMethodProcessor - Using 'application/json', given [application/json, text/plain, */*] and supported [application/json, application/*+json, application/yaml]
2026-05-26 09:10:22 [http-nio-8080-exec-4] DEBUG c.e.product.service.ProductService - Found 3 images for product: Apple iPhone 15 Pro
2026-05-26 09:10:22 [http-nio-8080-exec-5] INFO  c.e.product.service.HomepageService - Building 0 homepage cards for user: null
2026-05-26 09:10:22 [http-nio-8080-exec-4] DEBUG c.e.product.service.ProductService - Using primary image: /images/products/electronics/mobiles/iphone/Apple_Phone_15_Pro_front.png
2026-05-26 09:10:22 [http-nio-8080-exec-5] DEBUG o.s.w.s.m.m.a.HttpEntityMethodProcessor - Using 'application/json', given [application/json, text/plain, */*] and supported [application/json, application/*+json, application/yaml]
2026-05-26 09:10:22 [http-nio-8080-exec-5] DEBUG o.s.w.s.m.m.a.HttpEntityMethodProcessor - Writing [[]]
2026-05-26 09:10:22 [http-nio-8080-exec-9] DEBUG o.s.w.s.m.m.a.HttpEntityMethodProcessor - Writing [ApiResponse(success=true, message=User profile retrieved successfully, timestamp=2026-05-26T09:10:22 (truncated)...]
2026-05-26 09:10:22 [http-nio-8080-exec-5] DEBUG o.s.web.servlet.DispatcherServlet - Completed 200 OK
2026-05-26 09:10:22 [http-nio-8080-exec-4] DEBUG org.hibernate.SQL - 
    select
        c1_0.id,
        c1_0.active,
        c1_0.card_type,
        c1_0.createdAt,
        c1_0.description,
        c1_0.featured_image_url,
        c1_0.homepage_card_title,
        c1_0.homepage_display_order,
        c1_0.homepage_max_price,
        c1_0.homepage_min_price,
        c1_0.homepage_product_limit,
        c1_0.homepage_redirect_url,
        c1_0.icon,
        c1_0.imageUrl,
        c1_0.name,
        p1_0.id,
        p1_0.active,
        p1_0.card_type,
        p1_0.createdAt,
        p1_0.description,
        p1_0.featured_image_url,
        p1_0.homepage_card_title,
        p1_0.homepage_display_order,
        p1_0.homepage_max_price,
        p1_0.homepage_min_price,
        p1_0.homepage_product_limit,
        p1_0.homepage_redirect_url,
        p1_0.icon,
        p1_0.imageUrl,
        p1_0.name,
        p1_0.parent_id,
        p1_0.show_on_homepage,
        p1_0.updatedAt,
        c1_0.show_on_homepage,
        c1_0.updatedAt 
    from
        categories c1_0 
    left join
        categories p1_0 
            on p1_0.id=c1_0.parent_id 
    where
        c1_0.id=?
2026-05-26 09:10:22 [http-nio-8080-exec-9] DEBUG o.s.web.servlet.DispatcherServlet - Completed 200 OK
2026-05-26 09:10:22 [http-nio-8080-exec-4] DEBUG org.hibernate.SQL - 
    select
        b1_0.id,
        b1_0.active,
        b1_0.logoUrl,
        b1_0.name 
    from
        brand b1_0 
    where
        b1_0.id=?
2026-05-26 09:10:22 [http-nio-8080-exec-6] INFO  o.a.tomcat.util.http.parser.Cookie - A cookie header was received [g_state={"i_l":0,"i_ll":1779766797605,"i_e":{"enable_itp_optimization":0},"i_b":"aT4622olWWf3y0r/mCaQSMXeD9iLf7n8VFM+b5KioC0","i_et":1776494331478}] that contained an invalid cookie. That cookie will be ignored.
 Note: further occurrences of this error will be logged at DEBUG level.
2026-05-26 09:10:22 [http-nio-8080-exec-4] DEBUG c.e.product.service.ProductService - Mapping product to DTO: 2
2026-05-26 09:10:22 [http-nio-8080-exec-4] DEBUG org.hibernate.SQL - 
    /* <criteria> */ select
        pi1_0.id,
        pi1_0.active,
        pi1_0.altText,
        pi1_0.createdAt,
        pi1_0.displayOrder,
        pi1_0.imageUrl,
        pi1_0.primaryImage,
        pi1_0.product_id 
    from
        product_images pi1_0 
    left join
        products p1_0 
            on p1_0.id=pi1_0.product_id 
    where
        p1_0.id=? 
        and pi1_0.active
2026-05-26 09:10:22 [http-nio-8080-exec-6] DEBUG o.s.security.web.FilterChainProxy - Securing GET /images/banners/fashion/women/Kurtas-kurtis/kurtas.png
2026-05-26 09:10:22 [http-nio-8080-exec-4] DEBUG c.e.product.service.ProductService - Found 1 images for product: Samsung Galaxy S24 Ultra
2026-05-26 09:10:22 [http-nio-8080-exec-4] DEBUG c.e.product.service.ProductService - Using primary image: /images/products/electronics/mobiles/samsung/Samsung_Galaxy_S24_Ultra.png
2026-05-26 09:10:22 [http-nio-8080-exec-6] DEBUG o.s.s.w.a.AnonymousAuthenticationFilter - Set SecurityContextHolder to anonymous SecurityContext
2026-05-26 09:10:22 [http-nio-8080-exec-4] DEBUG org.hibernate.SQL - 
    select
        b1_0.id,
        b1_0.active,
        b1_0.logoUrl,
        b1_0.name 
    from
        brand b1_0 
    where
        b1_0.id=?
2026-05-26 09:10:22 [http-nio-8080-exec-6] DEBUG o.s.security.web.FilterChainProxy - Secured GET /images/banners/fashion/women/Kurtas-kurtis/kurtas.png
2026-05-26 09:10:22 [http-nio-8080-exec-6] DEBUG o.s.web.servlet.DispatcherServlet - GET "/images/banners/fashion/women/Kurtas-kurtis/kurtas.png", parameters={}
2026-05-26 09:10:22 [http-nio-8080-exec-4] DEBUG c.e.product.service.ProductService - Mapping product to DTO: 3
2026-05-26 09:10:22 [http-nio-8080-exec-6] DEBUG o.s.w.s.h.SimpleUrlHandlerMapping - Mapped to ResourceHttpRequestHandler [classpath [static/images/], URL [file:D:/WEB%20DEVELOPEMENT/Project/electromart/src/main/resources/static/images/]]
2026-05-26 09:10:22 [http-nio-8080-exec-4] DEBUG org.hibernate.SQL - 
    /* <criteria> */ select
        pi1_0.id,
        pi1_0.active,
        pi1_0.altText,
        pi1_0.createdAt,
        pi1_0.displayOrder,
        pi1_0.imageUrl,
        pi1_0.primaryImage,
        pi1_0.product_id 
    from
        product_images pi1_0 
    left join
        products p1_0 
            on p1_0.id=pi1_0.product_id 
    where
        p1_0.id=? 
        and pi1_0.active
2026-05-26 09:10:22 [http-nio-8080-exec-4] WARN  c.e.product.service.ProductService - No images found for product: OnePlus 12
2026-05-26 09:10:22 [http-nio-8080-exec-4] DEBUG c.e.product.service.ProductService - Mapping product to DTO: 4
2026-05-26 09:10:22 [http-nio-8080-exec-4] DEBUG org.hibernate.SQL - 
    /* <criteria> */ select
        pi1_0.id,
        pi1_0.active,
        pi1_0.altText,
        pi1_0.createdAt,
        pi1_0.displayOrder,
        pi1_0.imageUrl,
        pi1_0.primaryImage,
        pi1_0.product_id 
    from
        product_images pi1_0 
    left join
        products p1_0 
            on p1_0.id=pi1_0.product_id 
    where
        p1_0.id=? 
        and pi1_0.active
2026-05-26 09:10:22 [http-nio-8080-exec-4] WARN  c.e.product.service.ProductService - No images found for product: Dell XPS 15
2026-05-26 09:10:22 [http-nio-8080-exec-4] DEBUG org.hibernate.SQL - 
    select
        c1_0.id,
        c1_0.active,
        c1_0.card_type,
        c1_0.createdAt,
        c1_0.description,
        c1_0.featured_image_url,
        c1_0.homepage_card_title,
        c1_0.homepage_display_order,
        c1_0.homepage_max_price,
        c1_0.homepage_min_price,
        c1_0.homepage_product_limit,
        c1_0.homepage_redirect_url,
        c1_0.icon,
        c1_0.imageUrl,
        c1_0.name,
        p1_0.id,
        p1_0.active,
        p1_0.card_type,
        p1_0.createdAt,
        p1_0.description,
        p1_0.featured_image_url,
        p1_0.homepage_card_title,
        p1_0.homepage_display_order,
        p1_0.homepage_max_price,
        p1_0.homepage_min_price,
        p1_0.homepage_product_limit,
        p1_0.homepage_redirect_url,
        p1_0.icon,
        p1_0.imageUrl,
        p1_0.name,
        p1_0.parent_id,
        p1_0.show_on_homepage,
        p1_0.updatedAt,
        c1_0.show_on_homepage,
        c1_0.updatedAt 
    from
        categories c1_0 
    left join
        categories p1_0 
            on p1_0.id=c1_0.parent_id 
    where
        c1_0.id=?
2026-05-26 09:10:22 [http-nio-8080-exec-4] DEBUG org.hibernate.SQL - 
    select
        b1_0.id,
        b1_0.active,
        b1_0.logoUrl,
        b1_0.name 
    from
        brand b1_0 
    where
        b1_0.id=?
2026-05-26 09:10:22 [http-nio-8080-exec-4] DEBUG c.e.product.service.ProductService - Mapping product to DTO: 5
2026-05-26 09:10:22 [http-nio-8080-exec-4] DEBUG org.hibernate.SQL - 
    /* <criteria> */ select
        pi1_0.id,
        pi1_0.active,
        pi1_0.altText,
        pi1_0.createdAt,
        pi1_0.displayOrder,
        pi1_0.imageUrl,
        pi1_0.primaryImage,
        pi1_0.product_id 
    from
        product_images pi1_0 
    left join
        products p1_0 
            on p1_0.id=pi1_0.product_id 
    where
        p1_0.id=? 
        and pi1_0.active
2026-05-26 09:10:22 [http-nio-8080-exec-4] WARN  c.e.product.service.ProductService - No images found for product: MacBook Pro 14
2026-05-26 09:10:22 [http-nio-8080-exec-4] DEBUG c.e.product.service.ProductService - Mapping product to DTO: 6
2026-05-26 09:10:22 [http-nio-8080-exec-4] DEBUG org.hibernate.SQL - 
    /* <criteria> */ select
        pi1_0.id,
        pi1_0.active,
        pi1_0.altText,
        pi1_0.createdAt,
        pi1_0.displayOrder,
        pi1_0.imageUrl,
        pi1_0.primaryImage,
        pi1_0.product_id 
    from
        product_images pi1_0 
    left join
        products p1_0 
            on p1_0.id=pi1_0.product_id 
    where
        p1_0.id=? 
        and pi1_0.active
2026-05-26 09:10:22 [http-nio-8080-exec-4] WARN  c.e.product.service.ProductService - No images found for product: Apple AirPods Pro 2
2026-05-26 09:10:22 [http-nio-8080-exec-4] DEBUG org.hibernate.SQL - 
    select
        c1_0.id,
        c1_0.active,
        c1_0.card_type,
        c1_0.createdAt,
        c1_0.description,
        c1_0.featured_image_url,
        c1_0.homepage_card_title,
        c1_0.homepage_display_order,
        c1_0.homepage_max_price,
        c1_0.homepage_min_price,
        c1_0.homepage_product_limit,
        c1_0.homepage_redirect_url,
        c1_0.icon,
        c1_0.imageUrl,
        c1_0.name,
        p1_0.id,
        p1_0.active,
        p1_0.card_type,
        p1_0.createdAt,
        p1_0.description,
        p1_0.featured_image_url,
        p1_0.homepage_card_title,
        p1_0.homepage_display_order,
        p1_0.homepage_max_price,
        p1_0.homepage_min_price,
        p1_0.homepage_product_limit,
        p1_0.homepage_redirect_url,
        p1_0.icon,
        p1_0.imageUrl,
        p1_0.name,
        p1_0.parent_id,
        p1_0.show_on_homepage,
        p1_0.updatedAt,
        c1_0.show_on_homepage,
        c1_0.updatedAt 
    from
        categories c1_0 
    left join
        categories p1_0 
            on p1_0.id=c1_0.parent_id 
    where
        c1_0.id=?
2026-05-26 09:10:22 [http-nio-8080-exec-4] DEBUG c.e.product.service.ProductService - Mapping product to DTO: 7
2026-05-26 09:10:22 [http-nio-8080-exec-4] DEBUG org.hibernate.SQL - 
    /* <criteria> */ select
        pi1_0.id,
        pi1_0.active,
        pi1_0.altText,
        pi1_0.createdAt,
        pi1_0.displayOrder,
        pi1_0.imageUrl,
        pi1_0.primaryImage,
        pi1_0.product_id 
    from
        product_images pi1_0 
    left join
        products p1_0 
            on p1_0.id=pi1_0.product_id 
    where
        p1_0.id=? 
        and pi1_0.active
2026-05-26 09:10:22 [http-nio-8080-exec-4] WARN  c.e.product.service.ProductService - No images found for product: Sony WH-1000XM5
2026-05-26 09:10:22 [HikariPool-1:housekeeper] DEBUG com.zaxxer.hikari.pool.HikariPool - HikariPool-1 - Before cleanup stats (total=7/10, idle=6/5, active=1, waiting=0)
2026-05-26 09:10:22 [http-nio-8080-exec-4] DEBUG org.hibernate.SQL - 
    select
        b1_0.id,
        b1_0.active,
        b1_0.logoUrl,
        b1_0.name 
    from
        brand b1_0 
    where
        b1_0.id=?
2026-05-26 09:10:22 [HikariPool-1:housekeeper] DEBUG com.zaxxer.hikari.pool.HikariPool - HikariPool-1 - After  cleanup stats (total=7/10, idle=6/5, active=1, waiting=0)
2026-05-26 09:10:22 [HikariPool-1:housekeeper] DEBUG com.zaxxer.hikari.pool.HikariPool - HikariPool-1 - Fill pool skipped, pool has sufficient level or currently being filled.
2026-05-26 09:10:22 [http-nio-8080-exec-4] DEBUG c.e.product.service.ProductService - Mapping product to DTO: 8
2026-05-26 09:10:22 [http-nio-8080-exec-4] DEBUG org.hibernate.SQL - 
    /* <criteria> */ select
        pi1_0.id,
        pi1_0.active,
        pi1_0.altText,
        pi1_0.createdAt,
        pi1_0.displayOrder,
        pi1_0.imageUrl,
        pi1_0.primaryImage,
        pi1_0.product_id 
    from
        product_images pi1_0 
    left join
        products p1_0 
            on p1_0.id=pi1_0.product_id 
    where
        p1_0.id=? 
        and pi1_0.active
2026-05-26 09:10:22 [http-nio-8080-exec-4] WARN  c.e.product.service.ProductService - No images found for product: Nike Air Max Sneakers
2026-05-26 09:10:22 [http-nio-8080-exec-4] DEBUG org.hibernate.SQL - 
    select
        c1_0.id,
        c1_0.active,
        c1_0.card_type,
        c1_0.createdAt,
        c1_0.description,
        c1_0.featured_image_url,
        c1_0.homepage_card_title,
        c1_0.homepage_display_order,
        c1_0.homepage_max_price,
        c1_0.homepage_min_price,
        c1_0.homepage_product_limit,
        c1_0.homepage_redirect_url,
        c1_0.icon,
        c1_0.imageUrl,
        c1_0.name,
        p1_0.id,
        p1_0.active,
        p1_0.card_type,
        p1_0.createdAt,
        p1_0.description,
        p1_0.featured_image_url,
        p1_0.homepage_card_title,
        p1_0.homepage_display_order,
        p1_0.homepage_max_price,
        p1_0.homepage_min_price,
        p1_0.homepage_product_limit,
        p1_0.homepage_redirect_url,
        p1_0.icon,
        p1_0.imageUrl,
        p1_0.name,
        p1_0.parent_id,
        p1_0.show_on_homepage,
        p1_0.updatedAt,
        c1_0.show_on_homepage,
        c1_0.updatedAt 
    from
        categories c1_0 
    left join
        categories p1_0 
            on p1_0.id=c1_0.parent_id 
    where
        c1_0.id=?
2026-05-26 09:10:22 [http-nio-8080-exec-4] DEBUG org.hibernate.SQL - 
    select
        b1_0.id,
        b1_0.active,
        b1_0.logoUrl,
        b1_0.name 
    from
        brand b1_0 
    where
        b1_0.id=?
2026-05-26 09:10:22 [http-nio-8080-exec-4] DEBUG c.e.product.service.ProductService - Mapping product to DTO: 9
2026-05-26 09:10:22 [http-nio-8080-exec-4] DEBUG org.hibernate.SQL - 
    /* <criteria> */ select
        pi1_0.id,
        pi1_0.active,
        pi1_0.altText,
        pi1_0.createdAt,
        pi1_0.displayOrder,
        pi1_0.imageUrl,
        pi1_0.primaryImage,
        pi1_0.product_id 
    from
        product_images pi1_0 
    left join
        products p1_0 
            on p1_0.id=pi1_0.product_id 
    where
        p1_0.id=? 
        and pi1_0.active
2026-05-26 09:10:22 [http-nio-8080-exec-4] WARN  c.e.product.service.ProductService - No images found for product: Adidas Running Shoes
2026-05-26 09:10:22 [http-nio-8080-exec-4] DEBUG org.hibernate.SQL - 
    select
        b1_0.id,
        b1_0.active,
        b1_0.logoUrl,
        b1_0.name 
    from
        brand b1_0 
    where
        b1_0.id=?
2026-05-26 09:10:22 [http-nio-8080-exec-4] DEBUG c.e.product.service.ProductService - Mapping product to DTO: 10
2026-05-26 09:10:22 [http-nio-8080-exec-4] DEBUG org.hibernate.SQL - 
    /* <criteria> */ select
        pi1_0.id,
        pi1_0.active,
        pi1_0.altText,
        pi1_0.createdAt,
        pi1_0.displayOrder,
        pi1_0.imageUrl,
        pi1_0.primaryImage,
        pi1_0.product_id 
    from
        product_images pi1_0 
    left join
        products p1_0 
            on p1_0.id=pi1_0.product_id 
    where
        p1_0.id=? 
        and pi1_0.active
2026-05-26 09:10:22 [http-nio-8080-exec-4] WARN  c.e.product.service.ProductService - No images found for product: Zara Floral Dress
2026-05-26 09:10:22 [http-nio-8080-exec-4] DEBUG org.hibernate.SQL - 
    select
        c1_0.id,
        c1_0.active,
        c1_0.card_type,
        c1_0.createdAt,
        c1_0.description,
        c1_0.featured_image_url,
        c1_0.homepage_card_title,
        c1_0.homepage_display_order,
        c1_0.homepage_max_price,
        c1_0.homepage_min_price,
        c1_0.homepage_product_limit,
        c1_0.homepage_redirect_url,
        c1_0.icon,
        c1_0.imageUrl,
        c1_0.name,
        p1_0.id,
        p1_0.active,
        p1_0.card_type,
        p1_0.createdAt,
        p1_0.description,
        p1_0.featured_image_url,
        p1_0.homepage_card_title,
        p1_0.homepage_display_order,
        p1_0.homepage_max_price,
        p1_0.homepage_min_price,
        p1_0.homepage_product_limit,
        p1_0.homepage_redirect_url,
        p1_0.icon,
        p1_0.imageUrl,
        p1_0.name,
        p1_0.parent_id,
        p1_0.show_on_homepage,
        p1_0.updatedAt,
        c1_0.show_on_homepage,
        c1_0.updatedAt 
    from
        categories c1_0 
    left join
        categories p1_0 
            on p1_0.id=c1_0.parent_id 
    where
        c1_0.id=?
2026-05-26 09:10:22 [http-nio-8080-exec-4] DEBUG org.hibernate.SQL - 
    select
        b1_0.id,
        b1_0.active,
        b1_0.logoUrl,
        b1_0.name 
    from
        brand b1_0 
    where
        b1_0.id=?
2026-05-26 09:10:22 [http-nio-8080-exec-4] DEBUG c.e.product.service.ProductService - Mapping product to DTO: 11
2026-05-26 09:10:22 [http-nio-8080-exec-4] DEBUG org.hibernate.SQL - 
    /* <criteria> */ select
        pi1_0.id,
        pi1_0.active,
        pi1_0.altText,
        pi1_0.createdAt,
        pi1_0.displayOrder,
        pi1_0.imageUrl,
        pi1_0.primaryImage,
        pi1_0.product_id 
    from
        product_images pi1_0 
    left join
        products p1_0 
            on p1_0.id=pi1_0.product_id 
    where
        p1_0.id=? 
        and pi1_0.active
2026-05-26 09:10:23 [http-nio-8080-exec-4] WARN  c.e.product.service.ProductService - No images found for product: Prestige Induction Cooktop
2026-05-26 09:10:23 [http-nio-8080-exec-4] DEBUG org.hibernate.SQL - 
    select
        c1_0.id,
        c1_0.active,
        c1_0.card_type,
        c1_0.createdAt,
        c1_0.description,
        c1_0.featured_image_url,
        c1_0.homepage_card_title,
        c1_0.homepage_display_order,
        c1_0.homepage_max_price,
        c1_0.homepage_min_price,
        c1_0.homepage_product_limit,
        c1_0.homepage_redirect_url,
        c1_0.icon,
        c1_0.imageUrl,
        c1_0.name,
        p1_0.id,
        p1_0.active,
        p1_0.card_type,
        p1_0.createdAt,
        p1_0.description,
        p1_0.featured_image_url,
        p1_0.homepage_card_title,
        p1_0.homepage_display_order,
        p1_0.homepage_max_price,
        p1_0.homepage_min_price,
        p1_0.homepage_product_limit,
        p1_0.homepage_redirect_url,
        p1_0.icon,
        p1_0.imageUrl,
        p1_0.name,
        p1_0.parent_id,
        p1_0.show_on_homepage,
        p1_0.updatedAt,
        c1_0.show_on_homepage,
        c1_0.updatedAt 
    from
        categories c1_0 
    left join
        categories p1_0 
            on p1_0.id=c1_0.parent_id 
    where
        c1_0.id=?
2026-05-26 09:10:23 [http-nio-8080-exec-4] DEBUG org.hibernate.SQL - 
    select
        b1_0.id,
        b1_0.active,
        b1_0.logoUrl,
        b1_0.name 
    from
        brand b1_0 
    where
        b1_0.id=?
2026-05-26 09:10:23 [http-nio-8080-exec-4] DEBUG c.e.product.service.ProductService - Mapping product to DTO: 12
2026-05-26 09:10:23 [http-nio-8080-exec-4] DEBUG org.hibernate.SQL - 
    /* <criteria> */ select
        pi1_0.id,
        pi1_0.active,
        pi1_0.altText,
        pi1_0.createdAt,
        pi1_0.displayOrder,
        pi1_0.imageUrl,
        pi1_0.primaryImage,
        pi1_0.product_id 
    from
        product_images pi1_0 
    left join
        products p1_0 
            on p1_0.id=pi1_0.product_id 
    where
        p1_0.id=? 
        and pi1_0.active
2026-05-26 09:10:23 [http-nio-8080-exec-4] WARN  c.e.product.service.ProductService - No images found for product: Philips Air Fryer
2026-05-26 09:10:23 [http-nio-8080-exec-4] DEBUG org.hibernate.SQL - 
    select
        b1_0.id,
        b1_0.active,
        b1_0.logoUrl,
        b1_0.name 
    from
        brand b1_0 
    where
        b1_0.id=?
2026-05-26 09:10:23 [http-nio-8080-exec-4] DEBUG c.e.product.service.ProductService - Mapping product to DTO: 13
2026-05-26 09:10:23 [http-nio-8080-exec-4] DEBUG org.hibernate.SQL - 
    /* <criteria> */ select
        pi1_0.id,
        pi1_0.active,
        pi1_0.altText,
        pi1_0.createdAt,
        pi1_0.displayOrder,
        pi1_0.imageUrl,
        pi1_0.primaryImage,
        pi1_0.product_id 
    from
        product_images pi1_0 
    left join
        products p1_0 
            on p1_0.id=pi1_0.product_id 
    where
        p1_0.id=? 
        and pi1_0.active
2026-05-26 09:10:23 [http-nio-8080-exec-4] WARN  c.e.product.service.ProductService - No images found for product: Atomic Habits
2026-05-26 09:10:23 [http-nio-8080-exec-4] DEBUG org.hibernate.SQL - 
    select
        c1_0.id,
        c1_0.active,
        c1_0.card_type,
        c1_0.createdAt,
        c1_0.description,
        c1_0.featured_image_url,
        c1_0.homepage_card_title,
        c1_0.homepage_display_order,
        c1_0.homepage_max_price,
        c1_0.homepage_min_price,
        c1_0.homepage_product_limit,
        c1_0.homepage_redirect_url,
        c1_0.icon,
        c1_0.imageUrl,
        c1_0.name,
        p1_0.id,
        p1_0.active,
        p1_0.card_type,
        p1_0.createdAt,
        p1_0.description,
        p1_0.featured_image_url,
        p1_0.homepage_card_title,
        p1_0.homepage_display_order,
        p1_0.homepage_max_price,
        p1_0.homepage_min_price,
        p1_0.homepage_product_limit,
        p1_0.homepage_redirect_url,
        p1_0.icon,
        p1_0.imageUrl,
        p1_0.name,
        p1_0.parent_id,
        p1_0.show_on_homepage,
        p1_0.updatedAt,
        c1_0.show_on_homepage,
        c1_0.updatedAt 
    from
        categories c1_0 
    left join
        categories p1_0 
            on p1_0.id=c1_0.parent_id 
    where
        c1_0.id=?
2026-05-26 09:10:23 [http-nio-8080-exec-4] DEBUG c.e.product.service.ProductService - Mapping product to DTO: 14
2026-05-26 09:10:23 [http-nio-8080-exec-4] DEBUG org.hibernate.SQL - 
    /* <criteria> */ select
        pi1_0.id,
        pi1_0.active,
        pi1_0.altText,
        pi1_0.createdAt,
        pi1_0.displayOrder,
        pi1_0.imageUrl,
        pi1_0.primaryImage,
        pi1_0.product_id 
    from
        product_images pi1_0 
    left join
        products p1_0 
            on p1_0.id=pi1_0.product_id 
    where
        p1_0.id=? 
        and pi1_0.active
2026-05-26 09:10:23 [http-nio-8080-exec-6] DEBUG o.s.web.servlet.DispatcherServlet - Completed 200 OK
2026-05-26 09:10:23 [http-nio-8080-exec-4] WARN  c.e.product.service.ProductService - No images found for product: The Silent Patient
2026-05-26 09:10:23 [http-nio-8080-exec-4] DEBUG c.e.product.service.ProductService - Mapping product to DTO: 15
2026-05-26 09:10:23 [http-nio-8080-exec-4] DEBUG org.hibernate.SQL - 
    /* <criteria> */ select
        pi1_0.id,
        pi1_0.active,
        pi1_0.altText,
        pi1_0.createdAt,
        pi1_0.displayOrder,
        pi1_0.imageUrl,
        pi1_0.primaryImage,
        pi1_0.product_id 
    from
        product_images pi1_0 
    left join
        products p1_0 
            on p1_0.id=pi1_0.product_id 
    where
        p1_0.id=? 
        and pi1_0.active
2026-05-26 09:10:23 [http-nio-8080-exec-4] WARN  c.e.product.service.ProductService - No images found for product: LEGO Star Wars Millennium Falcon
2026-05-26 09:10:23 [http-nio-8080-exec-4] DEBUG org.hibernate.SQL - 
    select
        c1_0.id,
        c1_0.active,
        c1_0.card_type,
        c1_0.createdAt,
        c1_0.description,
        c1_0.featured_image_url,
        c1_0.homepage_card_title,
        c1_0.homepage_display_order,
        c1_0.homepage_max_price,
        c1_0.homepage_min_price,
        c1_0.homepage_product_limit,
        c1_0.homepage_redirect_url,
        c1_0.icon,
        c1_0.imageUrl,
        c1_0.name,
        p1_0.id,
        p1_0.active,
        p1_0.card_type,
        p1_0.createdAt,
        p1_0.description,
        p1_0.featured_image_url,
        p1_0.homepage_card_title,
        p1_0.homepage_display_order,
        p1_0.homepage_max_price,
        p1_0.homepage_min_price,
        p1_0.homepage_product_limit,
        p1_0.homepage_redirect_url,
        p1_0.icon,
        p1_0.imageUrl,
        p1_0.name,
        p1_0.parent_id,
        p1_0.show_on_homepage,
        p1_0.updatedAt,
        c1_0.show_on_homepage,
        c1_0.updatedAt 
    from
        categories c1_0 
    left join
        categories p1_0 
            on p1_0.id=c1_0.parent_id 
    where
        c1_0.id=?
2026-05-26 09:10:23 [http-nio-8080-exec-4] DEBUG o.s.w.s.m.m.a.RequestResponseBodyMethodProcessor - Using 'application/json', given [application/json, text/plain, */*] and supported [application/json, application/*+json, application/yaml]
2026-05-26 09:10:23 [http-nio-8080-exec-4] DEBUG o.s.w.s.m.m.a.RequestResponseBodyMethodProcessor - Writing [[com.electromart.product.dto.ProductResponseDto@7786124f, com.electromart.product.dto.ProductRespons (truncated)...]
2026-05-26 09:10:23 [http-nio-8080-exec-4] DEBUG o.s.web.servlet.DispatcherServlet - Completed 200 OK
2026-05-26 09:10:23 [http-nio-8080-exec-1] DEBUG o.s.security.web.FilterChainProxy - Securing GET /images/products/electronics/mobiles/samsung/Samsung_Galaxy_S24_Ultra.png
2026-05-26 09:10:23 [http-nio-8080-exec-10] DEBUG o.s.security.web.FilterChainProxy - Securing GET /images/products/electronics/mobiles/iphone/Apple_Phone_15_Pro_front.png
2026-05-26 09:10:23 [http-nio-8080-exec-1] DEBUG o.s.s.w.a.AnonymousAuthenticationFilter - Set SecurityContextHolder to anonymous SecurityContext
2026-05-26 09:10:23 [http-nio-8080-exec-10] DEBUG o.s.s.w.a.AnonymousAuthenticationFilter - Set SecurityContextHolder to anonymous SecurityContext
2026-05-26 09:10:23 [http-nio-8080-exec-1] DEBUG o.s.security.web.FilterChainProxy - Secured GET /images/products/electronics/mobiles/samsung/Samsung_Galaxy_S24_Ultra.png
2026-05-26 09:10:23 [http-nio-8080-exec-1] DEBUG o.s.web.servlet.DispatcherServlet - GET "/images/products/electronics/mobiles/samsung/Samsung_Galaxy_S24_Ultra.png", parameters={}
2026-05-26 09:10:23 [http-nio-8080-exec-10] DEBUG o.s.security.web.FilterChainProxy - Secured GET /images/products/electronics/mobiles/iphone/Apple_Phone_15_Pro_front.png
2026-05-26 09:10:23 [http-nio-8080-exec-10] DEBUG o.s.web.servlet.DispatcherServlet - GET "/images/products/electronics/mobiles/iphone/Apple_Phone_15_Pro_front.png", parameters={}
2026-05-26 09:10:23 [http-nio-8080-exec-10] DEBUG o.s.w.s.h.SimpleUrlHandlerMapping - Mapped to ResourceHttpRequestHandler [classpath [static/images/], URL [file:D:/WEB%20DEVELOPEMENT/Project/electromart/src/main/resources/static/images/]]
2026-05-26 09:10:23 [http-nio-8080-exec-1] DEBUG o.s.w.s.h.SimpleUrlHandlerMapping - Mapped to ResourceHttpRequestHandler [classpath [static/images/], URL [file:D:/WEB%20DEVELOPEMENT/Project/electromart/src/main/resources/static/images/]]
2026-05-26 09:10:23 [http-nio-8080-exec-10] DEBUG o.s.web.servlet.DispatcherServlet - Completed 200 OK
2026-05-26 09:10:23 [http-nio-8080-exec-1] DEBUG o.s.web.servlet.DispatcherServlet - Completed 200 OK
2026-05-26 09:10:29 [http-nio-8080-exec-2] DEBUG o.s.security.web.FilterChainProxy - Securing GET /images/banners/electronics/audio/audio-sale.png
2026-05-26 09:10:29 [http-nio-8080-exec-2] DEBUG o.s.s.w.a.AnonymousAuthenticationFilter - Set SecurityContextHolder to anonymous SecurityContext
2026-05-26 09:10:29 [http-nio-8080-exec-2] DEBUG o.s.security.web.FilterChainProxy - Secured GET /images/banners/electronics/audio/audio-sale.png
2026-05-26 09:10:29 [http-nio-8080-exec-2] DEBUG o.s.web.servlet.DispatcherServlet - GET "/images/banners/electronics/audio/audio-sale.png", parameters={}
2026-05-26 09:10:29 [http-nio-8080-exec-2] DEBUG o.s.w.s.h.SimpleUrlHandlerMapping - Mapped to ResourceHttpRequestHandler [classpath [static/images/], URL [file:D:/WEB%20DEVELOPEMENT/Project/electromart/src/main/resources/static/images/]]
2026-05-26 09:10:29 [http-nio-8080-exec-2] DEBUG o.s.web.servlet.DispatcherServlet - Completed 200 OK
2026-05-26 09:10:36 [HikariPool-1:housekeeper] DEBUG com.zaxxer.hikari.pool.HikariPool - HikariPool-1 - keepalive: connection com.mysql.cj.jdbc.ConnectionImpl@3a093e6d is alive
2026-05-26 09:10:38 [http-nio-8080-exec-7] DEBUG o.s.security.web.FilterChainProxy - Securing GET /images/banners/fashion/trendy-fashion.png
2026-05-26 09:10:38 [http-nio-8080-exec-7] DEBUG o.s.s.w.a.AnonymousAuthenticationFilter - Set SecurityContextHolder to anonymous SecurityContext
2026-05-26 09:10:38 [http-nio-8080-exec-7] DEBUG o.s.security.web.FilterChainProxy - Secured GET /images/banners/fashion/trendy-fashion.png
2026-05-26 09:10:38 [http-nio-8080-exec-7] DEBUG o.s.web.servlet.DispatcherServlet - GET "/images/banners/fashion/trendy-fashion.png", parameters={}
2026-05-26 09:10:38 [http-nio-8080-exec-7] DEBUG o.s.w.s.h.SimpleUrlHandlerMapping - Mapped to ResourceHttpRequestHandler [classpath [static/images/], URL [file:D:/WEB%20DEVELOPEMENT/Project/electromart/src/main/resources/static/images/]]
2026-05-26 09:10:38 [http-nio-8080-exec-7] DEBUG o.s.web.servlet.DispatcherServlet - Completed 200 OK
2026-05-26 09:10:52 [HikariPool-1:housekeeper] DEBUG com.zaxxer.hikari.pool.HikariPool - HikariPool-1 - Before cleanup stats (total=7/10, idle=7/5, active=0, waiting=0)
2026-05-26 09:10:52 [HikariPool-1:housekeeper] DEBUG com.zaxxer.hikari.pool.HikariPool - HikariPool-1 - After  cleanup stats (total=7/10, idle=7/5, active=0, waiting=0)
2026-05-26 09:10:52 [HikariPool-1:housekeeper] DEBUG com.zaxxer.hikari.pool.HikariPool - HikariPool-1 - Fill pool skipped, pool has sufficient level or currently being filled.
2026-05-26 09:11:14 [HikariPool-1:housekeeper] DEBUG com.zaxxer.hikari.pool.HikariPool - HikariPool-1 - keepalive: connection com.mysql.cj.jdbc.ConnectionImpl@45294ea3 is alive
2026-05-26 09:11:14 [HikariPool-1:housekeeper] DEBUG com.zaxxer.hikari.pool.HikariPool - HikariPool-1 - keepalive: connection com.mysql.cj.jdbc.ConnectionImpl@3c6fb501 is alive
2026-05-26 09:11:21 [HikariPool-1:housekeeper] DEBUG com.zaxxer.hikari.pool.HikariPool - HikariPool-1 - keepalive: connection com.mysql.cj.jdbc.ConnectionImpl@42ad079e is alive
2026-05-26 09:11:22 [HikariPool-1:housekeeper] DEBUG com.zaxxer.hikari.pool.HikariPool - HikariPool-1 - keepalive: connection com.mysql.cj.jdbc.ConnectionImpl@17320b6b is alive
2026-05-26 09:11:22 [HikariPool-1:housekeeper] DEBUG com.zaxxer.hikari.pool.HikariPool - HikariPool-1 - Before cleanup stats (total=7/10, idle=7/5, active=0, waiting=0)
2026-05-26 09:11:22 [HikariPool-1:housekeeper] DEBUG com.zaxxer.hikari.pool.HikariPool - HikariPool-1 - After  cleanup stats (total=7/10, idle=7/5, active=0, waiting=0)
2026-05-26 09:11:22 [HikariPool-1:housekeeper] DEBUG com.zaxxer.hikari.pool.HikariPool - HikariPool-1 - Fill pool skipped, pool has sufficient level or currently being filled.
2026-05-26 09:11:52 [HikariPool-1:housekeeper] DEBUG com.zaxxer.hikari.pool.HikariPool - HikariPool-1 - Before cleanup stats (total=7/10, idle=7/5, active=0, waiting=0)
2026-05-26 09:11:52 [HikariPool-1:housekeeper] DEBUG com.zaxxer.hikari.pool.HikariPool - HikariPool-1 - After  cleanup stats (total=7/10, idle=7/5, active=0, waiting=0)
2026-05-26 09:11:52 [HikariPool-1:housekeeper] DEBUG com.zaxxer.hikari.pool.HikariPool - HikariPool-1 - Fill pool skipped, pool has sufficient level or currently being filled.
2026-05-26 09:12:08 [HikariPool-1:housekeeper] DEBUG com.zaxxer.hikari.pool.HikariPool - HikariPool-1 - keepalive: connection com.mysql.cj.jdbc.ConnectionImpl@1c3b4b7c is alive
2026-05-26 09:12:09 [HikariPool-1:housekeeper] DEBUG com.zaxxer.hikari.pool.HikariPool - HikariPool-1 - keepalive: connection com.mysql.cj.jdbc.ConnectionImpl@5d064147 is alive
2026-05-26 09:12:12 [HikariPool-1:housekeeper] DEBUG com.zaxxer.hikari.pool.HikariPool - HikariPool-1 - keepalive: connection com.mysql.cj.jdbc.ConnectionImpl@3a093e6d is alive
2026-05-26 09:12:22 [HikariPool-1:housekeeper] DEBUG com.zaxxer.hikari.pool.HikariPool - HikariPool-1 - Before cleanup stats (total=7/10, idle=7/5, active=0, waiting=0)
2026-05-26 09:12:22 [HikariPool-1:housekeeper] DEBUG com.zaxxer.hikari.pool.HikariPool - HikariPool-1 - After  cleanup stats (total=7/10, idle=7/5, active=0, waiting=0)
2026-05-26 09:12:22 [HikariPool-1:housekeeper] DEBUG com.zaxxer.hikari.pool.HikariPool - HikariPool-1 - Fill pool skipped, pool has sufficient level or currently being filled.
2026-05-26 09:12:52 [HikariPool-1:housekeeper] DEBUG com.zaxxer.hikari.pool.HikariPool - HikariPool-1 - Before cleanup stats (total=7/10, idle=7/5, active=0, waiting=0)
2026-05-26 09:12:52 [HikariPool-1:housekeeper] DEBUG com.zaxxer.hikari.pool.HikariPool - HikariPool-1 - After  cleanup stats (total=7/10, idle=7/5, active=0, waiting=0)
2026-05-26 09:12:52 [HikariPool-1:housekeeper] DEBUG com.zaxxer.hikari.pool.HikariPool - HikariPool-1 - Fill pool skipped, pool has sufficient level or currently being filled.
2026-05-26 09:13:10 [HikariPool-1:housekeeper] DEBUG com.zaxxer.hikari.pool.HikariPool - HikariPool-1 - keepalive: connection com.mysql.cj.jdbc.ConnectionImpl@45294ea3 is alive
2026-05-26 09:13:10 [HikariPool-1:housekeeper] DEBUG com.zaxxer.hikari.pool.HikariPool - HikariPool-1 - keepalive: connection com.mysql.cj.jdbc.ConnectionImpl@3c6fb501 is alive
2026-05-26 09:13:21 [HikariPool-1:housekeeper] DEBUG com.zaxxer.hikari.pool.HikariPool - HikariPool-1 - keepalive: connection com.mysql.cj.jdbc.ConnectionImpl@42ad079e is alive
2026-05-26 09:13:22 [HikariPool-1:housekeeper] DEBUG com.zaxxer.hikari.pool.HikariPool - HikariPool-1 - keepalive: connection com.mysql.cj.jdbc.ConnectionImpl@17320b6b is alive
2026-05-26 09:13:22 [HikariPool-1:housekeeper] DEBUG com.zaxxer.hikari.pool.HikariPool - HikariPool-1 - Before cleanup stats (total=7/10, idle=7/5, active=0, waiting=0)
2026-05-26 09:13:22 [HikariPool-1:housekeeper] DEBUG com.zaxxer.hikari.pool.HikariPool - HikariPool-1 - After  cleanup stats (total=7/10, idle=7/5, active=0, waiting=0)
2026-05-26 09:13:22 [HikariPool-1:housekeeper] DEBUG com.zaxxer.hikari.pool.HikariPool - HikariPool-1 - Fill pool skipped, pool has sufficient level or currently being filled.
2026-05-26 09:13:49 [HikariPool-1:housekeeper] DEBUG com.zaxxer.hikari.pool.HikariPool - HikariPool-1 - keepalive: connection com.mysql.cj.jdbc.ConnectionImpl@3a093e6d is alive
2026-05-26 09:13:52 [HikariPool-1:housekeeper] DEBUG com.zaxxer.hikari.pool.HikariPool - HikariPool-1 - Before cleanup stats (total=7/10, idle=7/5, active=0, waiting=0)
2026-05-26 09:13:52 [HikariPool-1:housekeeper] DEBUG com.zaxxer.hikari.pool.HikariPool - HikariPool-1 - After  cleanup stats (total=7/10, idle=7/5, active=0, waiting=0)
2026-05-26 09:13:52 [HikariPool-1:housekeeper] DEBUG com.zaxxer.hikari.pool.HikariPool - HikariPool-1 - Fill pool skipped, pool has sufficient level or currently being filled.
2026-05-26 09:13:55 [HikariPool-1:housekeeper] DEBUG com.zaxxer.hikari.pool.HikariPool - HikariPool-1 - keepalive: connection com.mysql.cj.jdbc.ConnectionImpl@1c3b4b7c is alive
2026-05-26 09:13:57 [HikariPool-1:housekeeper] DEBUG com.zaxxer.hikari.pool.HikariPool - HikariPool-1 - keepalive: connection com.mysql.cj.jdbc.ConnectionImpl@5d064147 is alive
2026-05-26 09:14:22 [HikariPool-1:housekeeper] DEBUG com.zaxxer.hikari.pool.HikariPool - HikariPool-1 - Before cleanup stats (total=7/10, idle=7/5, active=0, waiting=0)
2026-05-26 09:14:22 [HikariPool-1:housekeeper] DEBUG com.zaxxer.hikari.pool.HikariPool - HikariPool-1 - After  cleanup stats (total=7/10, idle=7/5, active=0, waiting=0)
2026-05-26 09:14:22 [HikariPool-1:housekeeper] DEBUG com.zaxxer.hikari.pool.HikariPool - HikariPool-1 - Fill pool skipped, pool has sufficient level or currently being filled.
2026-05-26 09:14:52 [HikariPool-1:housekeeper] DEBUG com.zaxxer.hikari.pool.HikariPool - HikariPool-1 - Before cleanup stats (total=7/10, idle=7/5, active=0, waiting=0)
2026-05-26 09:14:52 [HikariPool-1:housekeeper] DEBUG com.zaxxer.hikari.pool.HikariPool - HikariPool-1 - After  cleanup stats (total=7/10, idle=7/5, active=0, waiting=0)
2026-05-26 09:14:52 [HikariPool-1:housekeeper] DEBUG com.zaxxer.hikari.pool.HikariPool - HikariPool-1 - Fill pool skipped, pool has sufficient level or currently being filled.
2026-05-26 09:15:05 [HikariPool-1:housekeeper] DEBUG com.zaxxer.hikari.pool.HikariPool - HikariPool-1 - keepalive: connection com.mysql.cj.jdbc.ConnectionImpl@45294ea3 is alive
2026-05-26 09:15:06 [HikariPool-1:housekeeper] DEBUG com.zaxxer.hikari.pool.HikariPool - HikariPool-1 - keepalive: connection com.mysql.cj.jdbc.ConnectionImpl@3c6fb501 is alive
2026-05-26 09:15:21 [HikariPool-1:housekeeper] DEBUG com.zaxxer.hikari.pool.HikariPool - HikariPool-1 - keepalive: connection com.mysql.cj.jdbc.ConnectionImpl@42ad079e is alive
2026-05-26 09:15:22 [HikariPool-1:housekeeper] DEBUG com.zaxxer.hikari.pool.HikariPool - HikariPool-1 - keepalive: connection com.mysql.cj.jdbc.ConnectionImpl@17320b6b is alive
2026-05-26 09:15:22 [HikariPool-1:housekeeper] DEBUG com.zaxxer.hikari.pool.HikariPool - HikariPool-1 - Before cleanup stats (total=7/10, idle=7/5, active=0, waiting=0)
2026-05-26 09:15:22 [HikariPool-1:housekeeper] DEBUG com.zaxxer.hikari.pool.HikariPool - HikariPool-1 - After  cleanup stats (total=7/10, idle=7/5, active=0, waiting=0)
2026-05-26 09:15:22 [HikariPool-1:housekeeper] DEBUG com.zaxxer.hikari.pool.HikariPool - HikariPool-1 - Fill pool skipped, pool has sufficient level or currently being filled.
2026-05-26 09:15:26 [HikariPool-1:housekeeper] DEBUG com.zaxxer.hikari.pool.HikariPool - HikariPool-1 - keepalive: connection com.mysql.cj.jdbc.ConnectionImpl@3a093e6d is alive
2026-05-26 09:15:42 [HikariPool-1:housekeeper] DEBUG com.zaxxer.hikari.pool.HikariPool - HikariPool-1 - keepalive: connection com.mysql.cj.jdbc.ConnectionImpl@1c3b4b7c is alive
2026-05-26 09:15:45 [HikariPool-1:housekeeper] DEBUG com.zaxxer.hikari.pool.HikariPool - HikariPool-1 - keepalive: connection com.mysql.cj.jdbc.ConnectionImpl@5d064147 is alive
2026-05-26 09:15:52 [HikariPool-1:housekeeper] DEBUG com.zaxxer.hikari.pool.HikariPool - HikariPool-1 - Before cleanup stats (total=7/10, idle=7/5, active=0, waiting=0)
2026-05-26 09:15:52 [HikariPool-1:housekeeper] DEBUG com.zaxxer.hikari.pool.HikariPool - HikariPool-1 - After  cleanup stats (total=7/10, idle=7/5, active=0, waiting=0)
2026-05-26 09:15:52 [HikariPool-1:housekeeper] DEBUG com.zaxxer.hikari.pool.HikariPool - HikariPool-1 - Fill pool skipped, pool has sufficient level or currently being filled.
2026-05-26 09:18:14 [HikariPool-1:housekeeper] WARN  com.zaxxer.hikari.pool.HikariPool - HikariPool-1 - Thread starvation or clock leap detected (housekeeper delta=2m25s286ms898µs900ns).
2026-05-26 09:18:14 [HikariPool-1:housekeeper] DEBUG com.zaxxer.hikari.pool.HikariPool - HikariPool-1 - Before cleanup stats (total=7/10, idle=7/5, active=0, waiting=0)
2026-05-26 09:18:14 [HikariPool-1:housekeeper] DEBUG com.zaxxer.hikari.pool.HikariPool - HikariPool-1 - After  cleanup stats (total=5/10, idle=5/5, active=0, waiting=0)
2026-05-26 09:18:14 [HikariPool-1:connection-closer] DEBUG com.zaxxer.hikari.pool.PoolBase - HikariPool-1 - Closing connection com.mysql.cj.jdbc.ConnectionImpl@17320b6b: (connection has passed idleTimeout)
2026-05-26 09:18:14 [HikariPool-1:housekeeper] DEBUG com.zaxxer.hikari.pool.HikariPool - HikariPool-1 - Fill pool skipped, pool has sufficient level or currently being filled.
2026-05-26 09:18:14 [HikariPool-1:housekeeper] DEBUG com.zaxxer.hikari.pool.HikariPool - HikariPool-1 - keepalive: connection com.mysql.cj.jdbc.ConnectionImpl@45294ea3 is alive
2026-05-26 09:18:14 [HikariPool-1:housekeeper] DEBUG com.zaxxer.hikari.pool.HikariPool - HikariPool-1 - keepalive: connection com.mysql.cj.jdbc.ConnectionImpl@3a093e6d is alive
2026-05-26 09:18:14 [HikariPool-1:housekeeper] DEBUG com.zaxxer.hikari.pool.HikariPool - HikariPool-1 - keepalive: connection com.mysql.cj.jdbc.ConnectionImpl@3c6fb501 is alive
2026-05-26 09:18:14 [HikariPool-1:housekeeper] DEBUG com.zaxxer.hikari.pool.HikariPool - HikariPool-1 - keepalive: connection com.mysql.cj.jdbc.ConnectionImpl@1c3b4b7c is alive
2026-05-26 09:18:14 [HikariPool-1:housekeeper] DEBUG com.zaxxer.hikari.pool.HikariPool - HikariPool-1 - keepalive: connection com.mysql.cj.jdbc.ConnectionImpl@5d064147 is alive
2026-05-26 09:18:14 [HikariPool-1:connection-closer] DEBUG com.zaxxer.hikari.pool.PoolBase - HikariPool-1 - Closing connection com.mysql.cj.jdbc.ConnectionImpl@42ad079e: (connection has passed idleTimeout)
2026-05-26 09:18:44 [HikariPool-1:housekeeper] DEBUG com.zaxxer.hikari.pool.HikariPool - HikariPool-1 - Before cleanup stats (total=5/10, idle=5/5, active=0, waiting=0)
2026-05-26 09:18:44 [HikariPool-1:housekeeper] DEBUG com.zaxxer.hikari.pool.HikariPool - HikariPool-1 - After  cleanup stats (total=5/10, idle=5/5, active=0, waiting=0)
2026-05-26 09:18:44 [HikariPool-1:housekeeper] DEBUG com.zaxxer.hikari.pool.HikariPool - HikariPool-1 - Fill pool skipped, pool has sufficient level or currently being filled.
